// Jest Snapshot v1, https://goo.gl/fbAQLP

exports[`create a snapshot of membershipComponent 1`] = `
<div
  className="form-row-container"
>
  <div
    className="form-Element-container"
  >
    <input
      className="Researcher-form-input-long"
      id="membership"
      name="membership"
      type="text"
    />
    <label>
      Name of Membership
    </label>
  </div>
</div>
`;
